[www.yaroslavgalant.com/index.php/en/work/122-house-sintra.html]
[backblue.gif]
[fade.gif]
[index.html]
[www.yaroslavgalant.com/media/jui/js/jquery.minf518.js]
[www.yaroslavgalant.com/media/jui/js/jquery-noconflictf518.js]
[www.yaroslavgalant.com/media/jui/js/jquery-migrate.minf518.js]
[www.yaroslavgalant.com/media/system/js/captionf518.js]
[www.yaroslavgalant.com/plugins/system/zo2/framework/assets/vendor/bootstrap/3.2.0/css/bootstrap.min.css]
[www.yaroslavgalant.com/plugins/system/zo2/framework/assets/vendor/bootstrap/addons/font-awesome/css/font-awesome.min.css]
[www.yaroslavgalant.com/plugins/system/zo2/framework/assets/zo2/css/site.styles.css]
[www.yaroslavgalant.com/templates/zo2_six/assets/zo2/css/template.css]
[www.yaroslavgalant.com/templates/zo2_six/assets/zo2/css/animate.css]
[www.yaroslavgalant.com/templates/zo2_six/assets/vendor/bootstrapvalidator/css/bootstrapValidator.min.css]
[www.yaroslavgalant.com/images/logo/logo.png]
[www.yaroslavgalant.com/media/system/images/arrow.png]
[www.yaroslavgalant.com/images/work/House_Sintra/House_Sintra_ext_007.jpg]
[www.yaroslavgalant.com/images/work/House_Sintra/House_Sintra_ext_001.jpg]
[www.yaroslavgalant.com/images/work/House_Sintra/House_Sintra_ext_002.jpg]
[www.yaroslavgalant.com/images/work/House_Sintra/House_Sintra_ext_003.jpg]
[www.yaroslavgalant.com/images/work/House_Sintra/House_Sintra_ext_004.jpg]
[www.yaroslavgalant.com/images/work/House_Sintra/House_Sintra_ext_005.jpg]
[www.yaroslavgalant.com/images/work/House_Sintra/House_Sintra_ext_006.jpg]
[www.yaroslavgalant.com/images/work/House_Sintra/House_Sintra_ext_008.jpg]
[www.yaroslavgalant.com/images/work/House_Sintra/House_Sintra_int_010.jpg]
[www.yaroslavgalant.com/images/work/House_Sintra/House_Sintra_int_011.jpg]
[www.yaroslavgalant.com/images/work/House_Sintra/House_Sintra_int_012.jpg]
[www.yaroslavgalant.com/images/work/House_Sintra/House_Sintra_int_013.jpg]
[www.yaroslavgalant.com/images/work/House_Sintra/House_Sintra_int_014.jpg]
[www.yaroslavgalant.com/images/work/House_Sintra/House_Sintra_int_015.jpg]
[www.yaroslavgalant.com/images/work/House_Sintra/House_Sintra_int_017.jpg]
[www.yaroslavgalant.com/plugins/system/zo2/framework/assets/vendor/ekko-lightbox.js]
[www.yaroslavgalant.com/plugins/system/zo2/framework/assets/vendor/jquery.sticky.js]
[www.yaroslavgalant.com/plugins/system/zo2/framework/assets/zo2/js/scripts.js]
[www.yaroslavgalant.com/plugins/system/zo2/framework/assets/zo2/js/site.megamenu.js]
[www.yaroslavgalant.com/plugins/system/zo2/framework/assets/zo2/js/site.scripts.js]
[www.yaroslavgalant.com/templates/zo2_six/assets/zo2/js/wow.min.js]
[www.yaroslavgalant.com/templates/zo2_six/assets/zo2/js/scrollrevealjs.js]
[www.yaroslavgalant.com/templates/zo2_six/assets/zo2/js/jquery.masonry.js]
[www.yaroslavgalant.com/templates/zo2_six/assets/zo2/js/jquery.masonry.ordered.js]
[www.yaroslavgalant.com/templates/zo2_six/assets/zo2/js/Chart.min.js]
[www.yaroslavgalant.com/templates/zo2_six/assets/zo2/js/owl.jquery.js]
[www.yaroslavgalant.com/templates/zo2_six/assets/vendor/bootstrapvalidator/js/bootstrapValidator.min.js]
[www.yaroslavgalant.com/templates/zo2_six/assets/zo2/js/lightbox.js]
[www.yaroslavgalant.com/templates/zo2_six/assets/zo2/js/zt_six.scripts.js]
[www.yaroslavgalant.com/index.php/en/work/122-house-sintra.html]
[www.yaroslavgalant.com/plugins/system/zo2/framework/assets/vendor/bootstrap/3.2.0/css/bootstrap.min.css]
[www.yaroslavgalant.com/plugins/system/zo2/framework/assets/vendor/bootstrap/addons/font-awesome/css/font-awesome.min.css]
[www.yaroslavgalant.com/plugins/system/zo2/framework/assets/zo2/images/plus-24px.png]
[www.yaroslavgalant.com/plugins/system/zo2/framework/assets/zo2/images/minus-24px.png]
[www.yaroslavgalant.com/plugins/system/zo2/framework/assets/zo2/images/gradient-top4-32px.png]
[www.yaroslavgalant.com/plugins/system/zo2/framework/assets/zo2/images/gradient-bottom4-32px.png]
[www.yaroslavgalant.com/plugins/system/zo2/framework/assets/zo2/images/prettyPhoto/default/sprite.png]
[www.yaroslavgalant.com/plugins/system/zo2/framework/assets/zo2/images/prettyPhoto/default/sprite_x.png]
[www.yaroslavgalant.com/plugins/system/zo2/framework/assets/zo2/images/prettyPhoto/default/sprite_y.png]
[www.yaroslavgalant.com/plugins/system/zo2/framework/assets/zo2/images/prettyPhoto/default/sprite_next.png]
[www.yaroslavgalant.com/plugins/system/zo2/framework/assets/zo2/images/prettyPhoto/default/sprite_prev.png]
[www.yaroslavgalant.com/plugins/system/zo2/framework/assets/zo2/images/prettyPhoto/default/default_thumb.png]
[www.yaroslavgalant.com/plugins/system/zo2/framework/assets/zo2/images/prettyPhoto/default/loader.gif]
[www.yaroslavgalant.com/plugins/system/zo2/framework/assets/zo2/images/prettyPhoto/light_rounded/sprite.png]
[www.yaroslavgalant.com/plugins/system/zo2/framework/assets/zo2/images/prettyPhoto/light_rounded/btnNext.png]
[www.yaroslavgalant.com/plugins/system/zo2/framework/assets/zo2/images/prettyPhoto/light_rounded/btnPrevious.png]
[www.yaroslavgalant.com/plugins/system/zo2/framework/assets/zo2/images/prettyPhoto/dark_rounded/sprite.png]
[www.yaroslavgalant.com/plugins/system/zo2/framework/assets/zo2/images/prettyPhoto/dark_rounded/contentPattern.png]
[www.yaroslavgalant.com/plugins/system/zo2/framework/assets/zo2/images/prettyPhoto/dark_rounded/btnNext.png]
[www.yaroslavgalant.com/plugins/system/zo2/framework/assets/zo2/images/prettyPhoto/dark_rounded/btnPrevious.png]
[www.yaroslavgalant.com/plugins/system/zo2/framework/assets/zo2/images/prettyPhoto/dark_rounded/loader.gif]
[www.yaroslavgalant.com/plugins/system/zo2/framework/assets/zo2/images/prettyPhoto/dark_square/loader.gif]
[www.yaroslavgalant.com/plugins/system/zo2/framework/assets/zo2/images/prettyPhoto/dark_square/sprite.png]
[www.yaroslavgalant.com/plugins/system/zo2/framework/assets/zo2/images/prettyPhoto/dark_square/btnNext.png]
[www.yaroslavgalant.com/plugins/system/zo2/framework/assets/zo2/images/prettyPhoto/dark_square/btnPrevious.png]
[www.yaroslavgalant.com/plugins/system/zo2/framework/assets/zo2/images/prettyPhoto/light_square/sprite.png]
[www.yaroslavgalant.com/plugins/system/zo2/framework/assets/zo2/images/prettyPhoto/light_square/btnNext.png]
[www.yaroslavgalant.com/plugins/system/zo2/framework/assets/zo2/images/prettyPhoto/light_square/btnPrevious.png]
[www.yaroslavgalant.com/plugins/system/zo2/framework/assets/zo2/images/prettyPhoto/facebook/sprite.png]
[www.yaroslavgalant.com/plugins/system/zo2/framework/assets/zo2/images/prettyPhoto/facebook/contentPatternTop.png]
[www.yaroslavgalant.com/plugins/system/zo2/framework/assets/zo2/images/prettyPhoto/facebook/contentPatternLeft.png]
[www.yaroslavgalant.com/plugins/system/zo2/framework/assets/zo2/images/prettyPhoto/facebook/contentPatternRight.png]
[www.yaroslavgalant.com/plugins/system/zo2/framework/assets/zo2/images/prettyPhoto/facebook/loader.gif]
[www.yaroslavgalant.com/plugins/system/zo2/framework/assets/zo2/images/prettyPhoto/facebook/btnNext.png]
[www.yaroslavgalant.com/plugins/system/zo2/framework/assets/zo2/images/prettyPhoto/facebook/btnPrevious.png]
[www.yaroslavgalant.com/plugins/system/zo2/framework/assets/zo2/images/prettyPhoto/facebook/contentPatternBottom.png]
[www.yaroslavgalant.com/plugins/system/zo2/framework/assets/zo2/images/prettyPhoto/facebook/default_thumbnail.gif]
[www.yaroslavgalant.com/plugins/system/zo2/framework/assets/zo2/images/prettyPhoto/light_rounded/loader.gif]
[www.yaroslavgalant.com/plugins/system/zo2/framework/assets/zo2/images/list/arrow.png]
[www.yaroslavgalant.com/plugins/system/zo2/framework/assets/zo2/images/list/arrow2.png]
[www.yaroslavgalant.com/plugins/system/zo2/framework/assets/zo2/images/list/arrow3.png]
[www.yaroslavgalant.com/plugins/system/zo2/framework/assets/zo2/images/list/bullet.png]
[www.yaroslavgalant.com/plugins/system/zo2/framework/assets/zo2/images/list/bullet2.png]
[www.yaroslavgalant.com/plugins/system/zo2/framework/assets/zo2/images/list/bullet3.png]
[www.yaroslavgalant.com/plugins/system/zo2/framework/assets/zo2/images/list/check.png]
[www.yaroslavgalant.com/plugins/system/zo2/framework/assets/zo2/images/list/check2.png]
[www.yaroslavgalant.com/plugins/system/zo2/framework/assets/zo2/images/list/check3.png]
[www.yaroslavgalant.com/plugins/system/zo2/framework/assets/zo2/images/list/delete.png]
[www.yaroslavgalant.com/plugins/system/zo2/framework/assets/zo2/images/list/delete2.png]
[www.yaroslavgalant.com/plugins/system/zo2/framework/assets/zo2/images/list/delete3.png]
[www.yaroslavgalant.com/plugins/system/zo2/framework/assets/zo2/images/quotes-18px.png]
[www.yaroslavgalant.com/plugins/system/zo2/framework/assets/zo2/images/btn_bg.png]
[www.yaroslavgalant.com/plugins/system/zo2/framework/assets/zo2/images/accordion.png]
[www.yaroslavgalant.com/plugins/system/zo2/framework/assets/zo2/images/blockquote.png]
[www.yaroslavgalant.com/plugins/system/zo2/framework/assets/zo2/images/buttons.png]
[www.yaroslavgalant.com/plugins/system/zo2/framework/assets/zo2/images/column.png]
[www.yaroslavgalant.com/plugins/system/zo2/framework/assets/zo2/images/dropcap.png]
[www.yaroslavgalant.com/plugins/system/zo2/framework/assets/zo2/images/gallery.png]
[www.yaroslavgalant.com/plugins/system/zo2/framework/assets/zo2/images/message.png]
[www.yaroslavgalant.com/plugins/system/zo2/framework/assets/zo2/images/social.png]
[www.yaroslavgalant.com/plugins/system/zo2/framework/assets/zo2/images/tabs.png]
[www.yaroslavgalant.com/plugins/system/zo2/framework/assets/zo2/images/testimonial.png]
[www.yaroslavgalant.com/plugins/system/zo2/framework/assets/zo2/images/toggle.png]
[www.yaroslavgalant.com/plugins/system/zo2/framework/assets/zo2/images/vimeo.png]
[www.yaroslavgalant.com/plugins/system/zo2/framework/assets/zo2/images/youtube.png]
[www.yaroslavgalant.com/plugins/system/zo2/framework/assets/zo2/images/divider.png]
[www.yaroslavgalant.com/plugins/system/zo2/framework/assets/zo2/images/spacer.png]
[www.yaroslavgalant.com/plugins/system/zo2/framework/assets/zo2/images/google_map.png]
[www.yaroslavgalant.com/plugins/system/zo2/framework/assets/zo2/images/lightbox.png]
[www.yaroslavgalant.com/plugins/system/zo2/framework/assets/zo2/images/list.png]
[www.yaroslavgalant.com/plugins/system/zo2/framework/assets/zo2/images/pricing.png]
[www.yaroslavgalant.com/plugins/system/zo2/framework/assets/zo2/css/site.styles.css]
[www.yaroslavgalant.com/templates/zo2_six/assets/zo2/images/typo/open1.png]
[www.yaroslavgalant.com/templates/zo2_six/assets/zo2/images/typo/close1.png]
[www.yaroslavgalant.com/templates/zo2_six/assets/zo2/images/typo/open2.png]
[www.yaroslavgalant.com/templates/zo2_six/assets/zo2/images/typo/close2.png]
[www.yaroslavgalant.com/templates/zo2_six/assets/zo2/css/font/giddyup.eot]
[www.yaroslavgalant.com/templates/zo2_six/assets/zo2/css/font/giddyup.woff2]
[www.yaroslavgalant.com/templates/zo2_six/assets/zo2/css/font/giddyup.woff]
[www.yaroslavgalant.com/templates/zo2_six/assets/zo2/css/font/giddyup.ttf]
[www.yaroslavgalant.com/templates/zo2_six/assets/zo2/css/font/giddyup.svg]
[www.yaroslavgalant.com/templates/zo2_six/assets/zo2/images/search_top.png]
[www.yaroslavgalant.com/templates/zo2_six/assets/zo2/images/contact-adress.png]
[www.yaroslavgalant.com/templates/zo2_six/assets/zo2/css/template.css]
[www.yaroslavgalant.com/templates/zo2_six/assets/zo2/css/animate.css]
[www.yaroslavgalant.com/templates/zo2_six/assets/vendor/bootstrapvalidator/css/bootstrapValidator.min.css]
[www.yaroslavgalant.com/templates/zo2_six/assets/zo2/css/presets/default.css]
[www.yaroslavgalant.com/images/work/House_Sintra/House_Sintra_ext_009.html]
[www.yaroslavgalant.com/plugins/system/zo2/framework/assets/zo2/images/j_button2_left.html]
[www.yaroslavgalant.com/plugins/system/zo2/framework/assets/zo2/images/highlighter.html]
[www.yaroslavgalant.com/templates/zo2_six/assets/zo2/images/featured-tag.html]
[www.yaroslavgalant.com/templates/zo2_six/assets/zo2/css/font/giddyup.svg]
[www.yaroslavgalant.com/templates/zo2_six/assets/zo2/images/bg_contact.html]
[www.yaroslavgalant.com/images/work/House_Sintra/House_Sintra_int_016.jpg]
[www.yaroslavgalant.com/plugins/system/zo2/framework/assets/vendor/bootstrap/3.2.0/js/bootstrap.min.js]
